Looking to launch executable "/isg/shared/apps/bwa-mem2/2.1/bwa-mem2.avx512bw", simd = .avx512bw
samblaster: Version 0.1.24
Launching executable "/isg/shared/apps/bwa-mem2/2.1/bwa-mem2.avx512bw"
samblaster: Inputting from stdin
samblaster: Outputting to stdout
-----------------------------
Executing in AVX512 mode!!
-----------------------------
* SA compression enabled with xfactor: 8
* Ref file: ../../results/03_Alignment/bwa_index/AI
* Entering FMI_search
* Index file found. Loading index from ../../results/03_Alignment/bwa_index/AI.bwt.2bit.64
* Reference seq len for bi-index = 3403
* sentinel-index: 821
* Count:
0,	1
1,	1003
2,	1702
3,	2401
4,	3403

* Reading other elements of the index from files ../../results/03_Alignment/bwa_index/AI
* Index prefix: ../../results/03_Alignment/bwa_index/AI
* Read 0 ALT contigs
* Done reading Index!!
* Reading reference genome..
* Binary seq file = ../../results/03_Alignment/bwa_index/AI.0123
* Reference genome size: 3402 bp
* Done reading reference genome !!

------------------------------------------
1. Memory pre-allocation for Chaining: 1114.7223 MB
2. Memory pre-allocation for BSW: 1916.9362 MB
3. Memory pre-allocation for BWT: 618.5134 MB
------------------------------------------
* Threads used (compute): 8
* No. of pipeline threads: 2

[0000] read_chunk: 80000000, work_chunk_size: 9230488, nseq: 67660
	[0000][ M::kt_pipeline] read 67660 sequences (9230488 bp)...
[0000] Calling mem_process_seqs.., task: 0
[0000] 1. Calling kt_for - worker_bwt
[0000] read_chunk: 80000000, work_chunk_size: 0, nseq: 0
[0000] 2. Calling kt_for - worker_aln
[0000] Inferring insert size distribution of PE reads from data, l_pac: 1701, n: 67660
[0000][PE] # candidate unique pairs for (FF, FR, RF, RR): (1, 1782, 1, 1)
[0000][PE] skip orientation FF as there are not enough pairs
[0000][PE] analyzing insert size distribution for orientation FR...
[0000][PE] (25, 50, 75) percentile: (146, 236, 377)
[0000][PE] low and high boundaries for computing mean and std.dev: (1, 839)
[0000][PE] mean and std.dev: (273.63, 165.86)
[0000][PE] low and high boundaries for proper pairs: (1, 1070)
[0000][PE] skip orientation RF as there are not enough pairs
[0000][PE] skip orientation RR as there are not enough pairs
[0000] 3. Calling kt_for - worker_sam
	[0000][ M::mem_process_seqs] Processed 67660 reads in 1.427 CPU sec, 0.188 real sec
samblaster: Loaded 1 header sequence entries.
[0000] read_chunk: 80000000, work_chunk_size: 0, nseq: 0
[0000] Computation ends..
No. of OMP threads: 8
Processor is running @2095.385998 MHz
Runtime profile:

	Time taken for main_mem function: 0.75 sec

	IO times (sec) :
	Reading IO time (reads) avg: 0.50, (0.50, 0.50)
	Writing IO time (SAM) avg: 0.05, (0.05, 0.05)
	Reading IO time (Reference Genome) avg: 0.00, (0.00, 0.00)
	Index read time avg: 0.00, (0.00, 0.00)

	Overall time (sec) (Excluding Index reading time):
	PROCESS() (Total compute time + (read + SAM) IO time) : 0.74
	MEM_PROCESS_SEQ() (Total compute time (Kernel + SAM)), avg: 0.19, (0.19, 0.19)

	 SAM Processing time (sec):
	--WORKER_SAM avg: 0.02, (0.02, 0.02)

	Kernels' compute time (sec):
	Total kernel (smem+sal+bsw) time avg: 0.17, (0.17, 0.17)
		SMEM compute avg: 0.14, (0.15, 0.14)
		SAL compute avg: 0.00, (0.00, 0.00)
				MEM_SA avg: 0.00, (0.00, 0.00)

		BSW time, avg: 0.02, (0.02, 0.02)

Important parameter settings: 
	BATCH_SIZE: 512
	MAX_SEQ_LEN_REF: 256
	MAX_SEQ_LEN_QER: 128
	MAX_SEQ_LEN8: 128
	SEEDS_PER_READ: 500
	SIMD_WIDTH8 X: 64
	SIMD_WIDTH16 X: 32
	AVG_SEEDS_PER_READ: 64
samblaster: Marked 57 of 33830 (0.17%) read ids as duplicates using 1336k memory in 0.036S CPU seconds and 2S wall time.
