INFO	2025-05-07 08:33:39	CreateSequenceDictionary	

********** NOTE: Picard's command line syntax is changing.
**********
********** For more information, please see:
********** https://github.com/broadinstitute/picard/wiki/Command-Line-Syntax-Transition-For-Users-(Pre-Transition)
**********
********** The command line looks like this in the new syntax:
**********
**********    CreateSequenceDictionary -R ../../genome/sequence.fasta
**********


INFO	2025-05-07 08:33:40	CreateSequenceDictionary	Output dictionary will be written in ../../genome/sequence.dict
08:33:40.065 INFO  NativeLibraryLoader - Loading libgkl_compression.so from jar:file:/isg/shared/apps/picard/2.23.9/picard.jar!/com/intel/gkl/native/libgkl_compression.so
[Wed May 07 08:33:40 EDT 2025] CreateSequenceDictionary REFERENCE=../../genome/sequence.fasta    TRUNCATE_NAMES_AT_WHITESPACE=true NUM_SEQUENCES=2147483647 VERBOSITY=INFO QUIET=false VALIDATION_STRINGENCY=STRICT COMPRESSION_LEVEL=5 MAX_RECORDS_IN_RAM=500000 CREATE_INDEX=false CREATE_MD5_FILE=false GA4GH_CLIENT_SECRETS=client_secrets.json USE_JDK_DEFLATER=false USE_JDK_INFLATER=false
[Wed May 07 08:33:40 EDT 2025] Executing as fgazeyoglu@xanadu-69 on Linux 3.10.0-1062.12.1.el7.x86_64 amd64; Java HotSpot(TM) 64-Bit Server VM 1.8.0_92-b14; Deflater: Intel; Inflater: Intel; Provider GCS is not available; Picard version: 2.23.3
[Wed May 07 08:33:40 EDT 2025] picard.sam.CreateSequenceDictionary done. Elapsed time: 0.00 minutes.
Runtime.totalMemory()=2058354688
To get help, see http://broadinstitute.github.io/picard/index.html#GettingHelp
Exception in thread "main" picard.PicardException: /home/FCAM/fgazeyoglu/finalproject5312/scripts/05_variantCalling/../../genome/sequence.dict already exists.  Delete this file and try again, or specify a different output file.
	at picard.sam.CreateSequenceDictionary.doWork(CreateSequenceDictionary.java:220)
	at picard.cmdline.CommandLineProgram.instanceMain(CommandLineProgram.java:301)
	at picard.cmdline.PicardCommandLine.instanceMain(PicardCommandLine.java:103)
	at picard.cmdline.PicardCommandLine.main(PicardCommandLine.java:113)
