xanadu-57
Wed May  7 20:55:17 EDT 2025
20:55:21.759 INFO  NativeLibraryLoader - Loading libgkl_compression.so from jar:file:/isg/shared/apps/GATK/4.0/gatk-package-4.0.0.0-local.jar!/com/intel/gkl/native/libgkl_compression.so
20:55:22.353 INFO  GenomicsDBImport - ------------------------------------------------------------
20:55:22.353 INFO  GenomicsDBImport - The Genome Analysis Toolkit (GATK) v4.0.0.0
20:55:22.353 INFO  GenomicsDBImport - For support and documentation go to https://software.broadinstitute.org/gatk/
20:55:22.353 INFO  GenomicsDBImport - Executing as fgazeyoglu@xanadu-57 on Linux v3.10.0-1062.12.1.el7.x86_64 amd64
20:55:22.354 INFO  GenomicsDBImport - Java runtime: Java HotSpot(TM) 64-Bit Server VM v1.8.0_92-b14
20:55:22.354 INFO  GenomicsDBImport - Start Date/Time: May 7, 2025 8:55:21 PM EDT
20:55:22.354 INFO  GenomicsDBImport - ------------------------------------------------------------
20:55:22.354 INFO  GenomicsDBImport - ------------------------------------------------------------
20:55:22.354 INFO  GenomicsDBImport - HTSJDK Version: 2.13.2
20:55:22.354 INFO  GenomicsDBImport - Picard Version: 2.17.2
20:55:22.355 INFO  GenomicsDBImport - HTSJDK Defaults.COMPRESSION_LEVEL : 1
20:55:22.355 INFO  GenomicsDBImport - HTSJDK Defaults.USE_ASYNC_IO_READ_FOR_SAMTOOLS : false
20:55:22.355 INFO  GenomicsDBImport - HTSJDK Defaults.USE_ASYNC_IO_WRITE_FOR_SAMTOOLS : true
20:55:22.355 INFO  GenomicsDBImport - HTSJDK Defaults.USE_ASYNC_IO_WRITE_FOR_TRIBBLE : false
20:55:22.355 INFO  GenomicsDBImport - Deflater: IntelDeflater
20:55:22.355 INFO  GenomicsDBImport - Inflater: IntelInflater
20:55:22.355 INFO  GenomicsDBImport - GCS max retries/reopens: 20
20:55:22.355 INFO  GenomicsDBImport - Using google-cloud-java patch 6d11bef1c81f885c26b2b56c8616b7a705171e4f from https://github.com/droazen/google-cloud-java/tree/dr_all_nio_fixes
20:55:22.355 INFO  GenomicsDBImport - Initializing engine
20:55:23.193 INFO  IntervalArgumentCollection - Processing 1701 bp from intervals
20:55:23.208 INFO  GenomicsDBImport - Done initializing engine
20:55:23.557 INFO  GenomicsDBImport - Vid Map JSON file will be written to ../../results/05_variantCalling/gatk/db/vidmap.json
20:55:23.558 INFO  GenomicsDBImport - Callset Map JSON file will be written to ../../results/05_variantCalling/gatk/db/callset.json
20:55:23.558 INFO  GenomicsDBImport - Complete VCF Header will be written to ../../results/05_variantCalling/gatk/db/vcfheader.vcf
20:55:23.558 INFO  GenomicsDBImport - Importing to array - ../../results/05_variantCalling/gatk/db/genomicsdb_array
20:55:23.712 INFO  ProgressMeter - Starting traversal
20:55:23.713 INFO  ProgressMeter -        Current Locus  Elapsed Minutes     Batches Processed   Batches/Minute
20:55:23.784 INFO  GenomicsDBImport - Importing batch 1 with 33 samples
20:55:24.820 INFO  GenomicsDBImport - Done importing batch 1/1
20:55:24.823 INFO  ProgressMeter -         HF674912.1:1              0.0                     1             54.2
20:55:24.823 INFO  ProgressMeter - Traversal complete. Processed 1 total batches in 0.0 minutes.
20:55:24.823 INFO  GenomicsDBImport - Import completed!
20:55:24.864 INFO  GenomicsDBImport - Shutting down engine
Tool returned:
true
