xanadu-47
Wed May  7 08:41:24 EDT 2025
08:41:27.653 INFO  NativeLibraryLoader - Loading libgkl_compression.so from jar:file:/isg/shared/apps/GATK/4.0/gatk-package-4.0.0.0-local.jar!/com/intel/gkl/native/libgkl_compression.so
08:41:27.803 INFO  HaplotypeCaller - ------------------------------------------------------------
08:41:27.803 INFO  HaplotypeCaller - The Genome Analysis Toolkit (GATK) v4.0.0.0
08:41:27.803 INFO  HaplotypeCaller - For support and documentation go to https://software.broadinstitute.org/gatk/
08:41:27.804 INFO  HaplotypeCaller - Executing as fgazeyoglu@xanadu-47 on Linux v3.10.0-1062.12.1.el7.x86_64 amd64
08:41:27.804 INFO  HaplotypeCaller - Java runtime: Java HotSpot(TM) 64-Bit Server VM v1.8.0_92-b14
08:41:27.804 INFO  HaplotypeCaller - Start Date/Time: May 7, 2025 8:41:27 AM EDT
08:41:27.804 INFO  HaplotypeCaller - ------------------------------------------------------------
08:41:27.804 INFO  HaplotypeCaller - ------------------------------------------------------------
08:41:27.805 INFO  HaplotypeCaller - HTSJDK Version: 2.13.2
08:41:27.805 INFO  HaplotypeCaller - Picard Version: 2.17.2
08:41:27.805 INFO  HaplotypeCaller - HTSJDK Defaults.COMPRESSION_LEVEL : 1
08:41:27.805 INFO  HaplotypeCaller - HTSJDK Defaults.USE_ASYNC_IO_READ_FOR_SAMTOOLS : false
08:41:27.806 INFO  HaplotypeCaller - HTSJDK Defaults.USE_ASYNC_IO_WRITE_FOR_SAMTOOLS : true
08:41:27.806 INFO  HaplotypeCaller - HTSJDK Defaults.USE_ASYNC_IO_WRITE_FOR_TRIBBLE : false
08:41:27.806 INFO  HaplotypeCaller - Deflater: IntelDeflater
08:41:27.806 INFO  HaplotypeCaller - Inflater: IntelInflater
08:41:27.806 INFO  HaplotypeCaller - GCS max retries/reopens: 20
08:41:27.806 INFO  HaplotypeCaller - Using google-cloud-java patch 6d11bef1c81f885c26b2b56c8616b7a705171e4f from https://github.com/droazen/google-cloud-java/tree/dr_all_nio_fixes
08:41:27.806 INFO  HaplotypeCaller - Initializing engine
08:41:28.368 INFO  HaplotypeCaller - Done initializing engine
08:41:28.373 INFO  HaplotypeCallerEngine - Standard Emitting and Calling confidence set to 0.0 for reference-model confidence output
08:41:28.373 INFO  HaplotypeCallerEngine - All sites annotated with PLs forced to true for reference-model confidence output
08:41:29.129 INFO  NativeLibraryLoader - Loading libgkl_utils.so from jar:file:/isg/shared/apps/GATK/4.0/gatk-package-4.0.0.0-local.jar!/com/intel/gkl/native/libgkl_utils.so
08:41:29.132 INFO  NativeLibraryLoader - Loading libgkl_pairhmm_omp.so from jar:file:/isg/shared/apps/GATK/4.0/gatk-package-4.0.0.0-local.jar!/com/intel/gkl/native/libgkl_pairhmm_omp.so
08:41:29.193 WARN  IntelPairHmm - Flush-to-zero (FTZ) is enabled when running PairHMM
08:41:29.194 INFO  IntelPairHmm - Available threads: 8
08:41:29.194 INFO  IntelPairHmm - Requested threads: 4
08:41:29.194 INFO  PairHMM - Using the OpenMP multi-threaded AVX-accelerated native PairHMM implementation
08:41:29.312 INFO  ProgressMeter - Starting traversal
08:41:29.313 INFO  ProgressMeter -        Current Locus  Elapsed Minutes     Regions Processed   Regions/Minute
08:41:32.914 INFO  HaplotypeCaller - 564 read(s) filtered by: ((((((((MappingQualityReadFilter AND MappingQualityAvailableReadFilter) AND MappedReadFilter) AND NotSecondaryAlignmentReadFilter) AND NotDuplicateReadFilter) AND PassesVendorQualityCheckReadFilter) AND NonZeroReferenceLengthAlignmentReadFilter) AND GoodCigarReadFilter) AND WellformedReadFilter)
  564 read(s) filtered by: (((((((MappingQualityReadFilter AND MappingQualityAvailableReadFilter) AND MappedReadFilter) AND NotSecondaryAlignmentReadFilter) AND NotDuplicateReadFilter) AND PassesVendorQualityCheckReadFilter) AND NonZeroReferenceLengthAlignmentReadFilter) AND GoodCigarReadFilter)
      564 read(s) filtered by: ((((((MappingQualityReadFilter AND MappingQualityAvailableReadFilter) AND MappedReadFilter) AND NotSecondaryAlignmentReadFilter) AND NotDuplicateReadFilter) AND PassesVendorQualityCheckReadFilter) AND NonZeroReferenceLengthAlignmentReadFilter)
          564 read(s) filtered by: (((((MappingQualityReadFilter AND MappingQualityAvailableReadFilter) AND MappedReadFilter) AND NotSecondaryAlignmentReadFilter) AND NotDuplicateReadFilter) AND PassesVendorQualityCheckReadFilter)
              564 read(s) filtered by: ((((MappingQualityReadFilter AND MappingQualityAvailableReadFilter) AND MappedReadFilter) AND NotSecondaryAlignmentReadFilter) AND NotDuplicateReadFilter)
                  3 read(s) filtered by: (((MappingQualityReadFilter AND MappingQualityAvailableReadFilter) AND MappedReadFilter) AND NotSecondaryAlignmentReadFilter)
                      3 read(s) filtered by: ((MappingQualityReadFilter AND MappingQualityAvailableReadFilter) AND MappedReadFilter)
                          3 read(s) filtered by: (MappingQualityReadFilter AND MappingQualityAvailableReadFilter)
                              3 read(s) filtered by: MappingQualityReadFilter 
                  561 read(s) filtered by: NotDuplicateReadFilter 

08:41:32.916 INFO  ProgressMeter -             unmapped              0.1                     8            133.3
08:41:32.916 INFO  ProgressMeter - Traversal complete. Processed 8 total regions in 0.1 minutes.
08:41:32.940 INFO  VectorLoglessPairHMM - Time spent in setup for JNI call : 0.004460198
08:41:32.940 INFO  PairHMM - Total compute time in PairHMM computeLogLikelihoods() : 0.028079296
08:41:32.940 INFO  SmithWatermanAligner - Total compute time in java Smith-Waterman : 0.17 sec
08:41:32.940 INFO  HaplotypeCaller - Shutting down engine
